
> website@0.1.0 build
> next build --webpack

▲ Next.js 16.2.11 (webpack)

  Creating an optimized production build ...
✓ Compiled successfully in 2.7s
  Running TypeScript ...
  Finished TypeScript in 3.4s ...
  Collecting page data using 7 workers ...
  Generating static pages using 7 workers (0/5) ...
  Generating static pages using 7 workers (1/5) 
  Generating static pages using 7 workers (2/5) 
  Generating static pages using 7 workers (3/5) 
✓ Generating static pages using 7 workers (5/5) in 171ms
  Finalizing page optimization ...
  Collecting build traces ...

Route (app)
┌ ƒ /
├ ○ /_not-found
├ ƒ /api/events
├ ƒ /api/intake/[action]
├ ƒ /api/phone/[id]
├ ƒ /en/listing/[id]
├ ƒ /en/rent
├ ƒ /img/[id]/[pos]
├ ƒ /listing/[id]
└ ○ /upload


○  (Static)   prerendered as static content
ƒ  (Dynamic)  server-rendered on demand

